Command line invocation:
    /Applications/Xcode.app/Contents/Developer/usr/bin/xcodebuild -project LyoApp.xcodeproj -scheme LyoApp -destination "platform=iOS Simulator,name=iPhone 16,OS=18.5" build

ComputePackagePrebuildTargetDependencyGraph

Prepare packages

CreateBuildRequest

SendProjectDescription

CreateBuildOperation

ComputeTargetDependencyGraph
note: Building targets in dependency order
note: Target dependency graph (1 target)
    Target 'LyoApp' in project 'LyoApp' (no dependencies)

GatherProvisioningInputs

CreateBuildDescription

ExecuteExternalTool /Applications/Xcode.app/Contents/Developer/Toolchains/XcodeDefault.xctoolchain/usr/bin/clang -v -E -dM -isysroot /Applications/Xcode.app/Contents/Developer/Platforms/iPhoneSimulator.platform/Developer/SDKs/iPhoneSimulator18.5.sdk -x c -c /dev/null

ExecuteExternalTool /Applications/Xcode.app/Contents/Developer/usr/bin/momc --dry-run --action generate --swift-version 5.0 --sdkroot /Applications/Xcode.app/Contents/Developer/Platforms/iPhoneSimulator.platform/Developer/SDKs/iPhoneSimulator18.5.sdk --iphonesimulator-deployment-target 18.0 --module LyoApp /Users/republicalatuya/Desktop/LyoJune/LyoApp/Resources/LyoDataModel.xcdatamodeld /Users/republicalatuya/Library/Developer/Xcode/DerivedData/LyoApp-dnsbbgyjxnvjcgebxrnlezpxcabp/Build/Intermediates.noindex/LyoApp.build/Debug-iphonesimulator/LyoApp.build/DerivedSources/CoreDataGenerated/LyoDataModel

ExecuteExternalTool /Applications/Xcode.app/Contents/Developer/usr/bin/actool --print-asset-tag-combinations --output-format xml1 /Users/republicalatuya/Desktop/LyoJune/LyoApp/Resources/Assets.xcassets

ExecuteExternalTool /Applications/Xcode.app/Contents/Developer/usr/bin/actool --version --output-format xml1

ExecuteExternalTool /Applications/Xcode.app/Contents/Developer/Toolchains/XcodeDefault.xctoolchain/usr/bin/swiftc --version

ExecuteExternalTool /Applications/Xcode.app/Contents/Developer/Toolchains/XcodeDefault.xctoolchain/usr/bin/ld -version_details

Build description signature: 3ae9446f7e3df15da3db1a03a6946fc2
Build description path: /Users/republicalatuya/Library/Developer/Xcode/DerivedData/LyoApp-dnsbbgyjxnvjcgebxrnlezpxcabp/Build/Intermediates.noindex/XCBuildData/3ae9446f7e3df15da3db1a03a6946fc2.xcbuilddata
ClangStatCache /Applications/Xcode.app/Contents/Developer/Toolchains/XcodeDefault.xctoolchain/usr/bin/clang-stat-cache /Applications/Xcode.app/Contents/Developer/Platforms/iPhoneSimulator.platform/Developer/SDKs/iPhoneSimulator18.5.sdk /Users/republicalatuya/Library/Developer/Xcode/DerivedData/SDKStatCaches.noindex/iphonesimulator18.5-22F76-d5fc8ad4295d2ef488fb7d0f804ce0c4.sdkstatcache
    cd /Users/republicalatuya/Desktop/LyoJune/LyoApp.xcodeproj
    /Applications/Xcode.app/Contents/Developer/Toolchains/XcodeDefault.xctoolchain/usr/bin/clang-stat-cache /Applications/Xcode.app/Contents/Developer/Platforms/iPhoneSimulator.platform/Developer/SDKs/iPhoneSimulator18.5.sdk -o /Users/republicalatuya/Library/Developer/Xcode/DerivedData/SDKStatCaches.noindex/iphonesimulator18.5-22F76-d5fc8ad4295d2ef488fb7d0f804ce0c4.sdkstatcache

ProcessProductPackaging "" /Users/republicalatuya/Library/Developer/Xcode/DerivedData/LyoApp-dnsbbgyjxnvjcgebxrnlezpxcabp/Build/Intermediates.noindex/LyoApp.build/Debug-iphonesimulator/LyoApp.build/LyoApp.app-Simulated.xcent (in target 'LyoApp' from project 'LyoApp')
    cd /Users/republicalatuya/Desktop/LyoJune
    
    Entitlements:
    
    {
    "application-identifier" = "5QZDMJGN7B.com.lyo.lyoapp";
}
    
    builtin-productPackagingUtility -entitlements -format xml -o /Users/republicalatuya/Library/Developer/Xcode/DerivedData/LyoApp-dnsbbgyjxnvjcgebxrnlezpxcabp/Build/Intermediates.noindex/LyoApp.build/Debug-iphonesimulator/LyoApp.build/LyoApp.app-Simulated.xcent

ProcessProductPackagingDER /Users/republicalatuya/Library/Developer/Xcode/DerivedData/LyoApp-dnsbbgyjxnvjcgebxrnlezpxcabp/Build/Intermediates.noindex/LyoApp.build/Debug-iphonesimulator/LyoApp.build/LyoApp.app-Simulated.xcent /Users/republicalatuya/Library/Developer/Xcode/DerivedData/LyoApp-dnsbbgyjxnvjcgebxrnlezpxcabp/Build/Intermediates.noindex/LyoApp.build/Debug-iphonesimulator/LyoApp.build/LyoApp.app-Simulated.xcent.der (in target 'LyoApp' from project 'LyoApp')
    cd /Users/republicalatuya/Desktop/LyoJune
    /usr/bin/derq query -f xml -i /Users/republicalatuya/Library/Developer/Xcode/DerivedData/LyoApp-dnsbbgyjxnvjcgebxrnlezpxcabp/Build/Intermediates.noindex/LyoApp.build/Debug-iphonesimulator/LyoApp.build/LyoApp.app-Simulated.xcent -o /Users/republicalatuya/Library/Developer/Xcode/DerivedData/LyoApp-dnsbbgyjxnvjcgebxrnlezpxcabp/Build/Intermediates.noindex/LyoApp.build/Debug-iphonesimulator/LyoApp.build/LyoApp.app-Simulated.xcent.der --raw

ProcessInfoPlistFile /Users/republicalatuya/Library/Developer/Xcode/DerivedData/LyoApp-dnsbbgyjxnvjcgebxrnlezpxcabp/Build/Products/Debug-iphonesimulator/LyoApp.app/Info.plist /Users/republicalatuya/Desktop/LyoJune/LyoApp/Resources/Info.plist (in target 'LyoApp' from project 'LyoApp')
    cd /Users/republicalatuya/Desktop/LyoJune
    builtin-infoPlistUtility /Users/republicalatuya/Desktop/LyoJune/LyoApp/Resources/Info.plist -producttype com.apple.product-type.application -genpkginfo /Users/republicalatuya/Library/Developer/Xcode/DerivedData/LyoApp-dnsbbgyjxnvjcgebxrnlezpxcabp/Build/Products/Debug-iphonesimulator/LyoApp.app/PkgInfo -expandbuildsettings -format binary -platform iphonesimulator -additionalcontentfile /Users/republicalatuya/Library/Developer/Xcode/DerivedData/LyoApp-dnsbbgyjxnvjcgebxrnlezpxcabp/Build/Intermediates.noindex/LyoApp.build/Debug-iphonesimulator/LyoApp.build/assetcatalog_generated_info.plist -o /Users/republicalatuya/Library/Developer/Xcode/DerivedData/LyoApp-dnsbbgyjxnvjcgebxrnlezpxcabp/Build/Products/Debug-iphonesimulator/LyoApp.app/Info.plist

SwiftDriver LyoApp normal x86_64 com.apple.xcode.tools.swift.compiler (in target 'LyoApp' from project 'LyoApp')
    cd /Users/republicalatuya/Desktop/LyoJune
    builtin-SwiftDriver -- /Applications/Xcode.app/Contents/Developer/Toolchains/XcodeDefault.xctoolchain/usr/bin/swiftc -module-name LyoApp -Onone -enforce-exclusivity\=checked @/Users/republicalatuya/Library/Developer/Xcode/DerivedData/LyoApp-dnsbbgyjxnvjcgebxrnlezpxcabp/Build/Intermediates.noindex/LyoApp.build/Debug-iphonesimulator/LyoApp.build/Objects-normal/x86_64/LyoApp.SwiftFileList -DDEBUG -enable-bare-slash-regex -enable-experimental-feature DebugDescriptionMacro -sdk /Applications/Xcode.app/Contents/Developer/Platforms/iPhoneSimulator.platform/Developer/SDKs/iPhoneSimulator18.5.sdk -target x86_64-apple-ios18.0-simulator -g -module-cache-path /Users/republicalatuya/Library/Developer/Xcode/DerivedData/ModuleCache.noindex -Xfrontend -serialize-debugging-options -enable-testing -index-store-path /Users/republicalatuya/Library/Developer/Xcode/DerivedData/LyoApp-dnsbbgyjxnvjcgebxrnlezpxcabp/Index.noindex/DataStore -swift-version 5 -I /Users/republicalatuya/Library/Developer/Xcode/DerivedData/LyoApp-dnsbbgyjxnvjcgebxrnlezpxcabp/Build/Products/Debug-iphonesimulator -F /Users/republicalatuya/Library/Developer/Xcode/DerivedData/LyoApp-dnsbbgyjxnvjcgebxrnlezpxcabp/Build/Products/Debug-iphonesimulator -c -j8 -enable-batch-mode -incremental -Xcc -ivfsstatcache -Xcc /Users/republicalatuya/Library/Developer/Xcode/DerivedData/SDKStatCaches.noindex/iphonesimulator18.5-22F76-d5fc8ad4295d2ef488fb7d0f804ce0c4.sdkstatcache -output-file-map /Users/republicalatuya/Library/Developer/Xcode/DerivedData/LyoApp-dnsbbgyjxnvjcgebxrnlezpxcabp/Build/Intermediates.noindex/LyoApp.build/Debug-iphonesimulator/LyoApp.build/Objects-normal/x86_64/LyoApp-OutputFileMap.json -use-frontend-parseable-output -save-temps -no-color-diagnostics -serialize-diagnostics -emit-dependencies -emit-module -emit-module-path /Users/republicalatuya/Library/Developer/Xcode/DerivedData/LyoApp-dnsbbgyjxnvjcgebxrnlezpxcabp/Build/Intermediates.noindex/LyoApp.build/Debug-iphonesimulator/LyoApp.build/Objects-normal/x86_64/LyoApp.swiftmodule -validate-clang-modules-once -clang-build-session-file /Users/republicalatuya/Library/Developer/Xcode/DerivedData/ModuleCache.noindex/Session.modulevalidation -Xcc -I/Users/republicalatuya/Library/Developer/Xcode/DerivedData/LyoApp-dnsbbgyjxnvjcgebxrnlezpxcabp/Build/Intermediates.noindex/LyoApp.build/Debug-iphonesimulator/LyoApp.build/swift-overrides.hmap -emit-const-values -Xfrontend -const-gather-protocols-file -Xfrontend /Users/republicalatuya/Library/Developer/Xcode/DerivedData/LyoApp-dnsbbgyjxnvjcgebxrnlezpxcabp/Build/Intermediates.noindex/LyoApp.build/Debug-iphonesimulator/LyoApp.build/Objects-normal/x86_64/LyoApp_const_extract_protocols.json -Xcc -iquote -Xcc /Users/republicalatuya/Library/Developer/Xcode/DerivedData/LyoApp-dnsbbgyjxnvjcgebxrnlezpxcabp/Build/Intermediates.noindex/LyoApp.build/Debug-iphonesimulator/LyoApp.build/LyoApp-generated-files.hmap -Xcc -I/Users/republicalatuya/Library/Developer/Xcode/DerivedData/LyoApp-dnsbbgyjxnvjcgebxrnlezpxcabp/Build/Intermediates.noindex/LyoApp.build/Debug-iphonesimulator/LyoApp.build/LyoApp-own-target-headers.hmap -Xcc -I/Users/republicalatuya/Library/Developer/Xcode/DerivedData/LyoApp-dnsbbgyjxnvjcgebxrnlezpxcabp/Build/Intermediates.noindex/LyoApp.build/Debug-iphonesimulator/LyoApp.build/LyoApp-all-target-headers.hmap -Xcc -iquote -Xcc /Users/republicalatuya/Library/Developer/Xcode/DerivedData/LyoApp-dnsbbgyjxnvjcgebxrnlezpxcabp/Build/Intermediates.noindex/LyoApp.build/Debug-iphonesimulator/LyoApp.build/LyoApp-project-headers.hmap -Xcc -I/Users/republicalatuya/Library/Developer/Xcode/DerivedData/LyoApp-dnsbbgyjxnvjcgebxrnlezpxcabp/Build/Products/Debug-iphonesimulator/include -Xcc -I/Users/republicalatuya/Library/Developer/Xcode/DerivedData/LyoApp-dnsbbgyjxnvjcgebxrnlezpxcabp/Build/Intermediates.noindex/LyoApp.build/Debug-iphonesimulator/LyoApp.build/DerivedSources-normal/x86_64 -Xcc -I/Users/republicalatuya/Library/Developer/Xcode/DerivedData/LyoApp-dnsbbgyjxnvjcgebxrnlezpxcabp/Build/Intermediates.noindex/LyoApp.build/Debug-iphonesimulator/LyoApp.build/DerivedSources/x86_64 -Xcc -I/Users/republicalatuya/Library/Developer/Xcode/DerivedData/LyoApp-dnsbbgyjxnvjcgebxrnlezpxcabp/Build/Intermediates.noindex/LyoApp.build/Debug-iphonesimulator/LyoApp.build/DerivedSources -Xcc -DDEBUG\=1 -emit-objc-header -emit-objc-header-path /Users/republicalatuya/Library/Developer/Xcode/DerivedData/LyoApp-dnsbbgyjxnvjcgebxrnlezpxcabp/Build/Intermediates.noindex/LyoApp.build/Debug-iphonesimulator/LyoApp.build/Objects-normal/x86_64/LyoApp-Swift.h -working-directory /Users/republicalatuya/Desktop/LyoJune -experimental-emit-module-separately -disable-cmo

SwiftCompile normal x86_64 Compiling\ DesignSystem.swift,\ DiscoverView.swift,\ DiscoverViewModel.swift,\ EnhancedLyoAvatarView.swift,\ FeedViewModel.swift,\ GemmaVoiceManager.swift,\ HeaderModels.swift,\ HeaderViewModel.swift /Users/republicalatuya/Desktop/LyoJune/LyoApp/DesignSystem/DesignSystem.swift /Users/republicalatuya/Desktop/LyoJune/LyoApp/Features/Discover/DiscoverView.swift /Users/republicalatuya/Desktop/LyoJune/LyoApp/Core/ViewModels/DiscoverViewModel.swift /Users/republicalatuya/Desktop/LyoJune/LyoApp/Features/StudyBuddy/Views/EnhancedLyoAvatarView.swift /Users/republicalatuya/Desktop/LyoJune/LyoApp/Core/ViewModels/FeedViewModel.swift /Users/republicalatuya/Desktop/LyoJune/LyoApp/Features/StudyBuddy/Managers/GemmaVoiceManager.swift /Users/republicalatuya/Desktop/LyoJune/LyoApp/Features/Header/Models/HeaderModels.swift /Users/republicalatuya/Desktop/LyoJune/LyoApp/Features/Header/ViewModels/HeaderViewModel.swift (in target 'LyoApp' from project 'LyoApp')

SwiftCompile normal x86_64 /Users/republicalatuya/Desktop/LyoJune/LyoApp/DesignSystem/DesignSystem.swift (in target 'LyoApp' from project 'LyoApp')
    cd /Users/republicalatuya/Desktop/LyoJune
    

SwiftCompile normal x86_64 /Users/republicalatuya/Desktop/LyoJune/LyoApp/Features/Discover/DiscoverView.swift (in target 'LyoApp' from project 'LyoApp')
    cd /Users/republicalatuya/Desktop/LyoJune
    

SwiftCompile normal x86_64 /Users/republicalatuya/Desktop/LyoJune/LyoApp/Core/ViewModels/DiscoverViewModel.swift (in target 'LyoApp' from project 'LyoApp')
    cd /Users/republicalatuya/Desktop/LyoJune
    

SwiftCompile normal x86_64 /Users/republicalatuya/Desktop/LyoJune/LyoApp/Features/StudyBuddy/Views/EnhancedLyoAvatarView.swift (in target 'LyoApp' from project 'LyoApp')
    cd /Users/republicalatuya/Desktop/LyoJune
    

SwiftCompile normal x86_64 /Users/republicalatuya/Desktop/LyoJune/LyoApp/Core/ViewModels/FeedViewModel.swift (in target 'LyoApp' from project 'LyoApp')
    cd /Users/republicalatuya/Desktop/LyoJune
    

SwiftCompile normal x86_64 /Users/republicalatuya/Desktop/LyoJune/LyoApp/Features/StudyBuddy/Managers/GemmaVoiceManager.swift (in target 'LyoApp' from project 'LyoApp')
    cd /Users/republicalatuya/Desktop/LyoJune
    

SwiftCompile normal x86_64 /Users/republicalatuya/Desktop/LyoJune/LyoApp/Features/Header/Models/HeaderModels.swift (in target 'LyoApp' from project 'LyoApp')
    cd /Users/republicalatuya/Desktop/LyoJune
    

SwiftCompile normal x86_64 /Users/republicalatuya/Desktop/LyoJune/LyoApp/Features/Header/ViewModels/HeaderViewModel.swift (in target 'LyoApp' from project 'LyoApp')
    cd /Users/republicalatuya/Desktop/LyoJune
    

SwiftCompile normal x86_64 Compiling\ HomeFeedView.swift,\ LearnView.swift,\ LearnViewModel.swift,\ LearningModels.swift,\ LyoApp.swift,\ LyoAvatarView.swift,\ LyoHeaderView.swift,\ MainTabView.swift /Users/republicalatuya/Desktop/LyoJune/LyoApp/Features/Feed/HomeFeedView.swift /Users/republicalatuya/Desktop/LyoJune/LyoApp/Features/Learn/LearnView.swift /Users/republicalatuya/Desktop/LyoJune/LyoApp/Core/ViewModels/LearnViewModel.swift /Users/republicalatuya/Desktop/LyoJune/LyoApp/Core/Models/LearningModels.swift /Users/republicalatuya/Desktop/LyoJune/LyoApp/App/LyoApp.swift /Users/republicalatuya/Desktop/LyoJune/LyoApp/Features/StudyBuddy/Views/LyoAvatarView.swift /Users/republicalatuya/Desktop/LyoJune/LyoApp/Features/Header/Views/LyoHeaderView.swift /Users/republicalatuya/Desktop/LyoJune/LyoApp/App/MainTabView.swift (in target 'LyoApp' from project 'LyoApp')

SwiftCompile normal x86_64 /Users/republicalatuya/Desktop/LyoJune/LyoApp/Features/Feed/HomeFeedView.swift (in target 'LyoApp' from project 'LyoApp')
    cd /Users/republicalatuya/Desktop/LyoJune
    

SwiftCompile normal x86_64 /Users/republicalatuya/Desktop/LyoJune/LyoApp/Features/Learn/LearnView.swift (in target 'LyoApp' from project 'LyoApp')
    cd /Users/republicalatuya/Desktop/LyoJune
    

SwiftCompile normal x86_64 /Users/republicalatuya/Desktop/LyoJune/LyoApp/Core/ViewModels/LearnViewModel.swift (in target 'LyoApp' from project 'LyoApp')
    cd /Users/republicalatuya/Desktop/LyoJune
    

SwiftCompile normal x86_64 /Users/republicalatuya/Desktop/LyoJune/LyoApp/Core/Models/LearningModels.swift (in target 'LyoApp' from project 'LyoApp')
    cd /Users/republicalatuya/Desktop/LyoJune
    

SwiftCompile normal x86_64 /Users/republicalatuya/Desktop/LyoJune/LyoApp/App/LyoApp.swift (in target 'LyoApp' from project 'LyoApp')
    cd /Users/republicalatuya/Desktop/LyoJune
    

SwiftCompile normal x86_64 /Users/republicalatuya/Desktop/LyoJune/LyoApp/Features/StudyBuddy/Views/LyoAvatarView.swift (in target 'LyoApp' from project 'LyoApp')
    cd /Users/republicalatuya/Desktop/LyoJune
    

SwiftCompile normal x86_64 /Users/republicalatuya/Desktop/LyoJune/LyoApp/Features/Header/Views/LyoHeaderView.swift (in target 'LyoApp' from project 'LyoApp')
    cd /Users/republicalatuya/Desktop/LyoJune
    

SwiftCompile normal x86_64 /Users/republicalatuya/Desktop/LyoJune/LyoApp/App/MainTabView.swift (in target 'LyoApp' from project 'LyoApp')
    cd /Users/republicalatuya/Desktop/LyoJune
    

SwiftCompile normal x86_64 Compiling\ AIAudioPlayer.swift,\ AITranscriptBubble.swift,\ AppState.swift,\ AuthenticationView.swift,\ CommunityView.swift,\ CommunityViewModel.swift,\ Constants.swift,\ ContentView.swift /Users/republicalatuya/Desktop/LyoJune/LyoApp/Features/StudyBuddy/Managers/AIAudioPlayer.swift /Users/republicalatuya/Desktop/LyoJune/LyoApp/Features/StudyBuddy/Views/AITranscriptBubble.swift /Users/republicalatuya/Desktop/LyoJune/LyoApp/State/AppState.swift /Users/republicalatuya/Desktop/LyoJune/LyoApp/Features/Auth/AuthenticationView.swift /Users/republicalatuya/Desktop/LyoJune/LyoApp/Features/Community/CommunityView.swift /Users/republicalatuya/Desktop/LyoJune/LyoApp/Core/ViewModels/CommunityViewModel.swift /Users/republicalatuya/Desktop/LyoJune/LyoApp/Shared/Constants/Constants.swift /Users/republicalatuya/Desktop/LyoJune/LyoApp/App/ContentView.swift (in target 'LyoApp' from project 'LyoApp')

SwiftCompile normal x86_64 /Users/republicalatuya/Desktop/LyoJune/LyoApp/Features/StudyBuddy/Managers/AIAudioPlayer.swift (in target 'LyoApp' from project 'LyoApp')
    cd /Users/republicalatuya/Desktop/LyoJune
    

SwiftCompile normal x86_64 /Users/republicalatuya/Desktop/LyoJune/LyoApp/Features/StudyBuddy/Views/AITranscriptBubble.swift (in target 'LyoApp' from project 'LyoApp')
    cd /Users/republicalatuya/Desktop/LyoJune
    

SwiftCompile normal x86_64 /Users/republicalatuya/Desktop/LyoJune/LyoApp/State/AppState.swift (in target 'LyoApp' from project 'LyoApp')
    cd /Users/republicalatuya/Desktop/LyoJune
    

SwiftCompile normal x86_64 /Users/republicalatuya/Desktop/LyoJune/LyoApp/Features/Auth/AuthenticationView.swift (in target 'LyoApp' from project 'LyoApp')
    cd /Users/republicalatuya/Desktop/LyoJune
    

SwiftCompile normal x86_64 /Users/republicalatuya/Desktop/LyoJune/LyoApp/Features/Community/CommunityView.swift (in target 'LyoApp' from project 'LyoApp')
    cd /Users/republicalatuya/Desktop/LyoJune
    

SwiftCompile normal x86_64 /Users/republicalatuya/Desktop/LyoJune/LyoApp/Core/ViewModels/CommunityViewModel.swift (in target 'LyoApp' from project 'LyoApp')
    cd /Users/republicalatuya/Desktop/LyoJune
    

SwiftCompile normal x86_64 /Users/republicalatuya/Desktop/LyoJune/LyoApp/Shared/Constants/Constants.swift (in target 'LyoApp' from project 'LyoApp')
    cd /Users/republicalatuya/Desktop/LyoJune
    

SwiftCompile normal x86_64 /Users/republicalatuya/Desktop/LyoJune/LyoApp/App/ContentView.swift (in target 'LyoApp' from project 'LyoApp')
    cd /Users/republicalatuya/Desktop/LyoJune
    

SwiftCompile normal x86_64 Compiling\ VideoModels.swift,\ ErrorManager.swift,\ OfflineManager.swift,\ DataManager.swift,\ APIServices.swift,\ LearningAPIService.swift,\ GamificationAPIService.swift /Users/republicalatuya/Desktop/LyoJune/LyoApp/Core/Models/VideoModels.swift /Users/republicalatuya/Desktop/LyoJune/LyoApp/Core/Services/ErrorManager.swift /Users/republicalatuya/Desktop/LyoJune/LyoApp/Core/Services/OfflineManager.swift /Users/republicalatuya/Desktop/LyoJune/LyoApp/Core/Services/DataManager.swift /Users/republicalatuya/Desktop/LyoJune/LyoApp/Core/Services/APIServices.swift /Users/republicalatuya/Desktop/LyoJune/LyoApp/Core/Services/LearningAPIService.swift /Users/republicalatuya/Desktop/LyoJune/LyoApp/Core/Services/GamificationAPIService.swift (in target 'LyoApp' from project 'LyoApp')

SwiftCompile normal x86_64 /Users/republicalatuya/Desktop/LyoJune/LyoApp/Core/Models/VideoModels.swift (in target 'LyoApp' from project 'LyoApp')
    cd /Users/republicalatuya/Desktop/LyoJune
    

SwiftCompile normal x86_64 /Users/republicalatuya/Desktop/LyoJune/LyoApp/Core/Services/ErrorManager.swift (in target 'LyoApp' from project 'LyoApp')
    cd /Users/republicalatuya/Desktop/LyoJune
    

SwiftCompile normal x86_64 /Users/republicalatuya/Desktop/LyoJune/LyoApp/Core/Services/OfflineManager.swift (in target 'LyoApp' from project 'LyoApp')
    cd /Users/republicalatuya/Desktop/LyoJune
    

SwiftCompile normal x86_64 /Users/republicalatuya/Desktop/LyoJune/LyoApp/Core/Services/DataManager.swift (in target 'LyoApp' from project 'LyoApp')
    cd /Users/republicalatuya/Desktop/LyoJune
    

SwiftCompile normal x86_64 /Users/republicalatuya/Desktop/LyoJune/LyoApp/Core/Services/APIServices.swift (in target 'LyoApp' from project 'LyoApp')
    cd /Users/republicalatuya/Desktop/LyoJune
    

SwiftCompile normal x86_64 /Users/republicalatuya/Desktop/LyoJune/LyoApp/Core/Services/LearningAPIService.swift (in target 'LyoApp' from project 'LyoApp')
    cd /Users/republicalatuya/Desktop/LyoJune
    

SwiftCompile normal x86_64 /Users/republicalatuya/Desktop/LyoJune/LyoApp/Core/Services/GamificationAPIService.swift (in target 'LyoApp' from project 'LyoApp')
    cd /Users/republicalatuya/Desktop/LyoJune
    

SwiftCompile normal x86_64 Compiling\ AIService.swift,\ EnhancedAIService.swift,\ ErrorHandlingViews.swift,\ ErrorHandler.swift,\ ConfigurationManager.swift,\ DesignTokens.swift,\ SkeletonLoader.swift /Users/republicalatuya/Desktop/LyoJune/LyoApp/Core/Services/AIService.swift /Users/republicalatuya/Desktop/LyoJune/LyoApp/Core/Services/EnhancedAIService.swift /Users/republicalatuya/Desktop/LyoJune/LyoApp/Core/UI/ErrorHandlingViews.swift /Users/republicalatuya/Desktop/LyoJune/LyoApp/Core/Services/ErrorHandler.swift /Users/republicalatuya/Desktop/LyoJune/LyoApp/Core/Configuration/ConfigurationManager.swift /Users/republicalatuya/Desktop/LyoJune/LyoApp/DesignSystem/DesignTokens.swift /Users/republicalatuya/Desktop/LyoJune/LyoApp/DesignSystem/SkeletonLoader.swift (in target 'LyoApp' from project 'LyoApp')

SwiftCompile normal x86_64 /Users/republicalatuya/Desktop/LyoJune/LyoApp/Core/Services/AIService.swift (in target 'LyoApp' from project 'LyoApp')
    cd /Users/republicalatuya/Desktop/LyoJune
    

SwiftCompile normal x86_64 /Users/republicalatuya/Desktop/LyoJune/LyoApp/Core/Services/EnhancedAIService.swift (in target 'LyoApp' from project 'LyoApp')
    cd /Users/republicalatuya/Desktop/LyoJune
    

SwiftCompile normal x86_64 /Users/republicalatuya/Desktop/LyoJune/LyoApp/Core/UI/ErrorHandlingViews.swift (in target 'LyoApp' from project 'LyoApp')
    cd /Users/republicalatuya/Desktop/LyoJune
    

SwiftCompile normal x86_64 /Users/republicalatuya/Desktop/LyoJune/LyoApp/Core/Services/ErrorHandler.swift (in target 'LyoApp' from project 'LyoApp')
    cd /Users/republicalatuya/Desktop/LyoJune
    

SwiftCompile normal x86_64 /Users/republicalatuya/Desktop/LyoJune/LyoApp/Core/Configuration/ConfigurationManager.swift (in target 'LyoApp' from project 'LyoApp')
    cd /Users/republicalatuya/Desktop/LyoJune
    

SwiftCompile normal x86_64 /Users/republicalatuya/Desktop/LyoJune/LyoApp/DesignSystem/DesignTokens.swift (in target 'LyoApp' from project 'LyoApp')
    cd /Users/republicalatuya/Desktop/LyoJune
    

SwiftCompile normal x86_64 /Users/republicalatuya/Desktop/LyoJune/LyoApp/DesignSystem/SkeletonLoader.swift (in target 'LyoApp' from project 'LyoApp')
    cd /Users/republicalatuya/Desktop/LyoJune
    

SwiftCompile normal x86_64 Compiling\ PostModels.swift,\ PostView.swift,\ ProactiveAIManager.swift,\ ProfileView.swift,\ ProfileViewModel.swift,\ StudyBuddyFAB.swift,\ StudyBuddyModels.swift /Users/republicalatuya/Desktop/LyoJune/LyoApp/Core/Models/PostModels.swift /Users/republicalatuya/Desktop/LyoJune/LyoApp/Features/Post/PostView.swift /Users/republicalatuya/Desktop/LyoJune/LyoApp/Features/StudyBuddy/Managers/ProactiveAIManager.swift /Users/republicalatuya/Desktop/LyoJune/LyoApp/Features/Profile/ProfileView.swift /Users/republicalatuya/Desktop/LyoJune/LyoApp/Core/ViewModels/ProfileViewModel.swift /Users/republicalatuya/Desktop/LyoJune/LyoApp/Features/StudyBuddy/Views/StudyBuddyFAB.swift /Users/republicalatuya/Desktop/LyoJune/LyoApp/Features/StudyBuddy/Models/StudyBuddyModels.swift (in target 'LyoApp' from project 'LyoApp')

SwiftCompile normal x86_64 /Users/republicalatuya/Desktop/LyoJune/LyoApp/Core/Models/PostModels.swift (in target 'LyoApp' from project 'LyoApp')
    cd /Users/republicalatuya/Desktop/LyoJune
    

SwiftCompile normal x86_64 /Users/republicalatuya/Desktop/LyoJune/LyoApp/Features/Post/PostView.swift (in target 'LyoApp' from project 'LyoApp')
    cd /Users/republicalatuya/Desktop/LyoJune
    

SwiftCompile normal x86_64 /Users/republicalatuya/Desktop/LyoJune/LyoApp/Features/StudyBuddy/Managers/ProactiveAIManager.swift (in target 'LyoApp' from project 'LyoApp')
    cd /Users/republicalatuya/Desktop/LyoJune
    

SwiftCompile normal x86_64 /Users/republicalatuya/Desktop/LyoJune/LyoApp/Features/Profile/ProfileView.swift (in target 'LyoApp' from project 'LyoApp')
    cd /Users/republicalatuya/Desktop/LyoJune
    

SwiftCompile normal x86_64 /Users/republicalatuya/Desktop/LyoJune/LyoApp/Core/ViewModels/ProfileViewModel.swift (in target 'LyoApp' from project 'LyoApp')
    cd /Users/republicalatuya/Desktop/LyoJune
    

SwiftCompile normal x86_64 /Users/republicalatuya/Desktop/LyoJune/LyoApp/Features/StudyBuddy/Views/StudyBuddyFAB.swift (in target 'LyoApp' from project 'LyoApp')
    cd /Users/republicalatuya/Desktop/LyoJune
    

SwiftCompile normal x86_64 /Users/republicalatuya/Desktop/LyoJune/LyoApp/Features/StudyBuddy/Models/StudyBuddyModels.swift (in target 'LyoApp' from project 'LyoApp')
    cd /Users/republicalatuya/Desktop/LyoJune
    

SwiftEmitModule normal x86_64 Emitting\ module\ for\ LyoApp (in target 'LyoApp' from project 'LyoApp')

EmitSwiftModule normal x86_64 (in target 'LyoApp' from project 'LyoApp')
    cd /Users/republicalatuya/Desktop/LyoJune
    

SwiftCompile normal x86_64 Compiling\ EnhancedAuthService.swift,\ WebSocketManager.swift,\ EnhancedServiceFactory.swift,\ CachedCourse+CoreDataClass.swift,\ CachedCourse+CoreDataProperties.swift,\ CachedLesson+CoreDataClass.swift,\ CachedLesson+CoreDataProperties.swift /Users/republicalatuya/Desktop/LyoJune/LyoApp/Core/Services/EnhancedAuthService.swift /Users/republicalatuya/Desktop/LyoJune/LyoApp/Core/Services/WebSocketManager.swift /Users/republicalatuya/Desktop/LyoJune/LyoApp/Core/Services/EnhancedServiceFactory.swift /Users/republicalatuya/Library/Developer/Xcode/DerivedData/LyoApp-dnsbbgyjxnvjcgebxrnlezpxcabp/Build/Intermediates.noindex/LyoApp.build/Debug-iphonesimulator/LyoApp.build/DerivedSources/CoreDataGenerated/LyoDataModel/CachedCourse+CoreDataClass.swift /Users/republicalatuya/Library/Developer/Xcode/DerivedData/LyoApp-dnsbbgyjxnvjcgebxrnlezpxcabp/Build/Intermediates.noindex/LyoApp.build/Debug-iphonesimulator/LyoApp.build/DerivedSources/CoreDataGenerated/LyoDataModel/CachedCourse+CoreDataProperties.swift /Users/republicalatuya/Library/Developer/Xcode/DerivedData/LyoApp-dnsbbgyjxnvjcgebxrnlezpxcabp/Build/Intermediates.noindex/LyoApp.build/Debug-iphonesimulator/LyoApp.build/DerivedSources/CoreDataGenerated/LyoDataModel/CachedLesson+CoreDataClass.swift /Users/republicalatuya/Library/Developer/Xcode/DerivedData/LyoApp-dnsbbgyjxnvjcgebxrnlezpxcabp/Build/Intermediates.noindex/LyoApp.build/Debug-iphonesimulator/LyoApp.build/DerivedSources/CoreDataGenerated/LyoDataModel/CachedLesson+CoreDataProperties.swift (in target 'LyoApp' from project 'LyoApp')
Failed frontend command:
/Applications/Xcode.app/Contents/Developer/Toolchains/XcodeDefault.xctoolchain/usr/bin/swift-frontend -frontend -c /Users/republicalatuya/Desktop/LyoJune/LyoApp/Features/StudyBuddy/Managers/AIAudioPlayer.swift /Users/republicalatuya/Desktop/LyoJune/LyoApp/Features/StudyBuddy/Views/AITranscriptBubble.swift /Users/republicalatuya/Desktop/LyoJune/LyoApp/State/AppState.swift /Users/republicalatuya/Desktop/LyoJune/LyoApp/Features/Auth/AuthenticationView.swift /Users/republicalatuya/Desktop/LyoJune/LyoApp/Features/Community/CommunityView.swift /Users/republicalatuya/Desktop/LyoJune/LyoApp/Core/ViewModels/CommunityViewModel.swift /Users/republicalatuya/Desktop/LyoJune/LyoApp/Shared/Constants/Constants.swift /Users/republicalatuya/Desktop/LyoJune/LyoApp/App/ContentView.swift /Users/republicalatuya/Desktop/LyoJune/LyoApp/DesignSystem/DesignSystem.swift /Users/republicalatuya/Desktop/LyoJune/LyoApp/Features/Discover/DiscoverView.swift /Users/republicalatuya/Desktop/LyoJune/LyoApp/Core/ViewModels/DiscoverViewModel.swift /Users/republicalatuya/Desktop/LyoJune/LyoApp/Features/StudyBuddy/Views/EnhancedLyoAvatarView.swift /Users/republicalatuya/Desktop/LyoJune/LyoApp/Core/ViewModels/FeedViewModel.swift /Users/republicalatuya/Desktop/LyoJune/LyoApp/Features/StudyBuddy/Managers/GemmaVoiceManager.swift /Users/republicalatuya/Desktop/LyoJune/LyoApp/Features/Header/Models/HeaderModels.swift /Users/republicalatuya/Desktop/LyoJune/LyoApp/Features/Header/ViewModels/HeaderViewModel.swift /Users/republicalatuya/Desktop/LyoJune/LyoApp/Features/Feed/HomeFeedView.swift /Users/republicalatuya/Desktop/LyoJune/LyoApp/Features/Learn/LearnView.swift /Users/republicalatuya/Desktop/LyoJune/LyoApp/Core/ViewModels/LearnViewModel.swift /Users/republicalatuya/Desktop/LyoJune/LyoApp/Core/Models/LearningModels.swift /Users/republicalatuya/Desktop/LyoJune/LyoApp/App/LyoApp.swift /Users/republicalatuya/Desktop/LyoJune/LyoApp/Features/StudyBuddy/Views/LyoAvatarView.swift /Users/republicalatuya/Desktop/LyoJune/LyoApp/Features/Header/Views/LyoHeaderView.swift /Users/republicalatuya/Desktop/LyoJune/LyoApp/App/MainTabView.swift /Users/republicalatuya/Desktop/LyoJune/LyoApp/Core/Models/PostModels.swift /Users/republicalatuya/Desktop/LyoJune/LyoApp/Features/Post/PostView.swift /Users/republicalatuya/Desktop/LyoJune/LyoApp/Features/StudyBuddy/Managers/ProactiveAIManager.swift /Users/republicalatuya/Desktop/LyoJune/LyoApp/Features/Profile/ProfileView.swift /Users/republicalatuya/Desktop/LyoJune/LyoApp/Core/ViewModels/ProfileViewModel.swift /Users/republicalatuya/Desktop/LyoJune/LyoApp/Features/StudyBuddy/Views/StudyBuddyFAB.swift /Users/republicalatuya/Desktop/LyoJune/LyoApp/Features/StudyBuddy/Models/StudyBuddyModels.swift /Users/republicalatuya/Desktop/LyoJune/LyoApp/Core/Models/VideoModels.swift /Users/republicalatuya/Desktop/LyoJune/LyoApp/Core/Services/ErrorManager.swift /Users/republicalatuya/Desktop/LyoJune/LyoApp/Core/Services/OfflineManager.swift /Users/republicalatuya/Desktop/LyoJune/LyoApp/Core/Services/DataManager.swift /Users/republicalatuya/Desktop/LyoJune/LyoApp/Core/Services/APIServices.swift /Users/republicalatuya/Desktop/LyoJune/LyoApp/Core/Services/LearningAPIService.swift /Users/republicalatuya/Desktop/LyoJune/LyoApp/Core/Services/GamificationAPIService.swift /Users/republicalatuya/Desktop/LyoJune/LyoApp/Core/Services/AIService.swift /Users/republicalatuya/Desktop/LyoJune/LyoApp/Core/Services/EnhancedAIService.swift /Users/republicalatuya/Desktop/LyoJune/LyoApp/Core/UI/ErrorHandlingViews.swift /Users/republicalatuya/Desktop/LyoJune/LyoApp/Core/Services/ErrorHandler.swift /Users/republicalatuya/Desktop/LyoJune/LyoApp/Core/Configuration/ConfigurationManager.swift /Users/republicalatuya/Desktop/LyoJune/LyoApp/DesignSystem/DesignTokens.swift /Users/republicalatuya/Desktop/LyoJune/LyoApp/DesignSystem/SkeletonLoader.swift /Users/republicalatuya/Desktop/LyoJune/LyoApp/DesignSystem/AnimationSystem.swift /Users/republicalatuya/Desktop/LyoJune/LyoApp/DesignSystem/HapticManager.swift /Users/republicalatuya/Desktop/LyoJune/LyoApp/DesignSystem/ModernComponents.swift /Users/republicalatuya/Desktop/LyoJune/LyoApp/DesignSystem/ModernViews.swift /Users/republicalatuya/Desktop/LyoJune/LyoApp/DesignSystem/EnhancedViews.swift /Users/republicalatuya/Desktop/LyoJune/LyoApp/DesignSystem/ModernLearnView.swift /Users/republicalatuya/Desktop/LyoJune/LyoApp/Core/Networking/EnhancedNetworkManager.swift -primary-file /Users/republicalatuya/Desktop/LyoJune/LyoApp/Core/Services/EnhancedAuthService.swift -primary-file /Users/republicalatuya/Desktop/LyoJune/LyoApp/Core/Services/WebSocketManager.swift -primary-file /Users/republicalatuya/Desktop/LyoJune/LyoApp/Core/Services/EnhancedServiceFactory.swift -primary-file /Users/republicalatuya/Library/Developer/Xcode/DerivedData/LyoApp-dnsbbgyjxnvjcgebxrnlezpxcabp/Build/Intermediates.noindex/LyoApp.build/Debug-iphonesimulator/LyoApp.build/DerivedSources/CoreDataGenerated/LyoDataModel/CachedCourse+CoreDataClass.swift -primary-file /Users/republicalatuya/Library/Developer/Xcode/DerivedData/LyoApp-dnsbbgyjxnvjcgebxrnlezpxcabp/Build/Intermediates.noindex/LyoApp.build/Debug-iphonesimulator/LyoApp.build/DerivedSources/CoreDataGenerated/LyoDataModel/CachedCourse+CoreDataProperties.swift -primary-file /Users/republicalatuya/Library/Developer/Xcode/DerivedData/LyoApp-dnsbbgyjxnvjcgebxrnlezpxcabp/Build/Intermediates.noindex/LyoApp.build/Debug-iphonesimulator/LyoApp.build/DerivedSources/CoreDataGenerated/LyoDataModel/CachedLesson+CoreDataClass.swift -primary-file /Users/republicalatuya/Library/Developer/Xcode/DerivedData/LyoApp-dnsbbgyjxnvjcgebxrnlezpxcabp/Build/Intermediates.noindex/LyoApp.build/Debug-iphonesimulator/LyoApp.build/DerivedSources/CoreDataGenerated/LyoDataModel/CachedLesson+CoreDataProperties.swift /Users/republicalatuya/Library/Developer/Xcode/DerivedData/LyoApp-dnsbbgyjxnvjcgebxrnlezpxcabp/Build/Intermediates.noindex/LyoApp.build/Debug-iphonesimulator/LyoApp.build/DerivedSources/CoreDataGenerated/LyoDataModel/CachedPost+CoreDataClass.swift /Users/republicalatuya/Library/Developer/Xcode/DerivedData/LyoApp-dnsbbgyjxnvjcgebxrnlezpxcabp/Build/Intermediates.noindex/LyoApp.build/Debug-iphonesimulator/LyoApp.build/DerivedSources/CoreDataGenerated/LyoDataModel/CachedPost+CoreDataProperties.swift /Users/republicalatuya/Library/Developer/Xcode/DerivedData/LyoApp-dnsbbgyjxnvjcgebxrnlezpxcabp/Build/Intermediates.noindex/LyoApp.build/Debug-iphonesimulator/LyoApp.build/DerivedSources/CoreDataGenerated/LyoDataModel/CachedUserProgress+CoreDataClass.swift /Users/republicalatuya/Library/Developer/Xcode/DerivedData/LyoApp-dnsbbgyjxnvjcgebxrnlezpxcabp/Build/Intermediates.noindex/LyoApp.build/Debug-iphonesimulator/LyoApp.build/DerivedSources/CoreDataGenerated/LyoDataModel/CachedUserProgress+CoreDataProperties.swift /Users/republicalatuya/Library/Developer/Xcode/DerivedData/LyoApp-dnsbbgyjxnvjcgebxrnlezpxcabp/Build/Intermediates.noindex/LyoApp.build/Debug-iphonesimulator/LyoApp.build/DerivedSources/CoreDataGenerated/LyoDataModel/CachedUser+CoreDataClass.swift /Users/republicalatuya/Library/Developer/Xcode/DerivedData/LyoApp-dnsbbgyjxnvjcgebxrnlezpxcabp/Build/Intermediates.noindex/LyoApp.build/Debug-iphonesimulator/LyoApp.build/DerivedSources/CoreDataGenerated/LyoDataModel/CachedUser+CoreDataProperties.swift /Users/republicalatuya/Library/Developer/Xcode/DerivedData/LyoApp-dnsbbgyjxnvjcgebxrnlezpxcabp/Build/Intermediates.noindex/LyoApp.build/Debug-iphonesimulator/LyoApp.build/DerivedSources/CoreDataGenerated/LyoDataModel/LyoDataModel+CoreDataModel.swift /Users/republicalatuya/Library/Developer/Xcode/DerivedData/LyoApp-dnsbbgyjxnvjcgebxrnlezpxcabp/Build/Intermediates.noindex/LyoApp.build/Debug-iphonesimulator/LyoApp.build/DerivedSources/GeneratedAssetSymbols.swift -supplementary-output-file-map /Users/republicalatuya/Library/Developer/Xcode/DerivedData/LyoApp-dnsbbgyjxnvjcgebxrnlezpxcabp/Build/Intermediates.noindex/LyoApp.build/Debug-iphonesimulator/LyoApp.build/Objects-normal/x86_64/supplementaryOutputs-8 -target x86_64-apple-ios18.0-simulator -enable-objc-interop -sdk /Applications/Xcode.app/Contents/Developer/Platforms/iPhoneSimulator.platform/Developer/SDKs/iPhoneSimulator18.5.sdk -I /Users/republicalatuya/Library/Developer/Xcode/DerivedData/LyoApp-dnsbbgyjxnvjcgebxrnlezpxcabp/Build/Products/Debug-iphonesimulator -F /Users/republicalatuya/Library/Developer/Xcode/DerivedData/LyoApp-dnsbbgyjxnvjcgebxrnlezpxcabp/Build/Products/Debug-iphonesimulator -no-color-diagnostics -enable-testing -g -debug-info-format\=dwarf -dwarf-version\=5 -module-cache-path /Users/republicalatuya/Library/Developer/Xcode/DerivedData/ModuleCache.noindex -swift-version 5 -enforce-exclusivity\=checked -Onone -D DEBUG -serialize-debugging-options -const-gather-protocols-file /Users/republicalatuya/Library/Developer/Xcode/DerivedData/LyoApp-dnsbbgyjxnvjcgebxrnlezpxcabp/Build/Intermediates.noindex/LyoApp.build/Debug-iphonesimulator/LyoApp.build/Objects-normal/x86_64/LyoApp_const_extract_protocols.json -enable-experimental-feature DebugDescriptionMacro -enable-bare-slash-regex -empty-abi-descriptor -validate-clang-modules-once -clang-build-session-file /Users/republicalatuya/Library/Developer/Xcode/DerivedData/ModuleCache.noindex/Session.modulevalidation -Xcc -working-directory -Xcc /Users/republicalatuya/Desktop/LyoJune -resource-dir /Applications/Xcode.app/Contents/Developer/Toolchains/XcodeDefault.xctoolchain/usr/lib/swift -enable-anonymous-context-mangled-names -file-compilation-dir /Users/republicalatuya/Desktop/LyoJune -Xcc -ivfsstatcache -Xcc /Users/republicalatuya/Library/Developer/Xcode/DerivedData/SDKStatCaches.noindex/iphonesimulator18.5-22F76-d5fc8ad4295d2ef488fb7d0f804ce0c4.sdkstatcache -Xcc -I/Users/republicalatuya/Library/Developer/Xcode/DerivedData/LyoApp-dnsbbgyjxnvjcgebxrnlezpxcabp/Build/Intermediates.noindex/LyoApp.build/Debug-iphonesimulator/LyoApp.build/swift-overrides.hmap -Xcc -iquote -Xcc /Users/republicalatuya/Library/Developer/Xcode/DerivedData/LyoApp-dnsbbgyjxnvjcgebxrnlezpxcabp/Build/Intermediates.noindex/LyoApp.build/Debug-iphonesimulator/LyoApp.build/LyoApp-generated-files.hmap -Xcc -I/Users/republicalatuya/Library/Developer/Xcode/DerivedData/LyoApp-dnsbbgyjxnvjcgebxrnlezpxcabp/Build/Intermediates.noindex/LyoApp.build/Debug-iphonesimulator/LyoApp.build/LyoApp-own-target-headers.hmap -Xcc -I/Users/republicalatuya/Library/Developer/Xcode/DerivedData/LyoApp-dnsbbgyjxnvjcgebxrnlezpxcabp/Build/Intermediates.noindex/LyoApp.build/Debug-iphonesimulator/LyoApp.build/LyoApp-all-target-headers.hmap -Xcc -iquote -Xcc /Users/republicalatuya/Library/Developer/Xcode/DerivedData/LyoApp-dnsbbgyjxnvjcgebxrnlezpxcabp/Build/Intermediates.noindex/LyoApp.build/Debug-iphonesimulator/LyoApp.build/LyoApp-project-headers.hmap -Xcc -I/Users/republicalatuya/Library/Developer/Xcode/DerivedData/LyoApp-dnsbbgyjxnvjcgebxrnlezpxcabp/Build/Products/Debug-iphonesimulator/include -Xcc -I/Users/republicalatuya/Library/Developer/Xcode/DerivedData/LyoApp-dnsbbgyjxnvjcgebxrnlezpxcabp/Build/Intermediates.noindex/LyoApp.build/Debug-iphonesimulator/LyoApp.build/DerivedSources-normal/x86_64 -Xcc -I/Users/republicalatuya/Library/Developer/Xcode/DerivedData/LyoApp-dnsbbgyjxnvjcgebxrnlezpxcabp/Build/Intermediates.noindex/LyoApp.build/Debug-iphonesimulator/LyoApp.build/DerivedSources/x86_64 -Xcc -I/Users/republicalatuya/Library/Developer/Xcode/DerivedData/LyoApp-dnsbbgyjxnvjcgebxrnlezpxcabp/Build/Intermediates.noindex/LyoApp.build/Debug-iphonesimulator/LyoApp.build/DerivedSources -Xcc -DDEBUG\=1 -module-name LyoApp -frontend-parseable-output -disable-clang-spi -target-sdk-version 18.5 -target-sdk-name iphonesimulator18.5 -external-plugin-path /Applications/Xcode.app/Contents/Developer/Platforms/iPhoneOS.platform/Developer/usr/lib/swift/host/plugins\#/Applications/Xcode.app/Contents/Developer/Platforms/iPhoneOS.platform/Developer/usr/bin/swift-plugin-server -external-plugin-path /Applications/Xcode.app/Contents/Developer/Platforms/iPhoneOS.platform/Developer/usr/local/lib/swift/host/plugins\#/Applications/Xcode.app/Contents/Developer/Platforms/iPhoneOS.platform/Developer/usr/bin/swift-plugin-server -in-process-plugin-server-path /Applications/Xcode.app/Contents/Developer/Toolchains/XcodeDefault.xctoolchain/usr/lib/swift/host/libSwiftInProcPluginServer.dylib -plugin-path /Applications/Xcode.app/Contents/Developer/Toolchains/XcodeDefault.xctoolchain/usr/lib/swift/host/plugins -plugin-path /Applications/Xcode.app/Contents/Developer/Toolchains/XcodeDefault.xctoolchain/usr/local/lib/swift/host/plugins -o /Users/republicalatuya/Library/Developer/Xcode/DerivedData/LyoApp-dnsbbgyjxnvjcgebxrnlezpxcabp/Build/Intermediates.noindex/LyoApp.build/Debug-iphonesimulator/LyoApp.build/Objects-normal/x86_64/EnhancedAuthService.o -o /Users/republicalatuya/Library/Developer/Xcode/DerivedData/LyoApp-dnsbbgyjxnvjcgebxrnlezpxcabp/Build/Intermediates.noindex/LyoApp.build/Debug-iphonesimulator/LyoApp.build/Objects-normal/x86_64/WebSocketManager.o -o /Users/republicalatuya/Library/Developer/Xcode/DerivedData/LyoApp-dnsbbgyjxnvjcgebxrnlezpxcabp/Build/Intermediates.noindex/LyoApp.build/Debug-iphonesimulator/LyoApp.build/Objects-normal/x86_64/EnhancedServiceFactory.o -o /Users/republicalatuya/Library/Developer/Xcode/DerivedData/LyoApp-dnsbbgyjxnvjcgebxrnlezpxcabp/Build/Intermediates.noindex/LyoApp.build/Debug-iphonesimulator/LyoApp.build/Objects-normal/x86_64/CachedCourse+CoreDataClass.o -o /Users/republicalatuya/Library/Developer/Xcode/DerivedData/LyoApp-dnsbbgyjxnvjcgebxrnlezpxcabp/Build/Intermediates.noindex/LyoApp.build/Debug-iphonesimulator/LyoApp.build/Objects-normal/x86_64/CachedCourse+CoreDataProperties.o -o /Users/republicalatuya/Library/Developer/Xcode/DerivedData/LyoApp-dnsbbgyjxnvjcgebxrnlezpxcabp/Build/Intermediates.noindex/LyoApp.build/Debug-iphonesimulator/LyoApp.build/Objects-normal/x86_64/CachedLesson+CoreDataClass.o -o /Users/republicalatuya/Library/Developer/Xcode/DerivedData/LyoApp-dnsbbgyjxnvjcgebxrnlezpxcabp/Build/Intermediates.noindex/LyoApp.build/Debug-iphonesimulator/LyoApp.build/Objects-normal/x86_64/CachedLesson+CoreDataProperties.o -index-unit-output-path /LyoApp.build/Debug-iphonesimulator/LyoApp.build/Objects-normal/x86_64/EnhancedAuthService.o -index-unit-output-path /LyoApp.build/Debug-iphonesimulator/LyoApp.build/Objects-normal/x86_64/WebSocketManager.o -index-unit-output-path /LyoApp.build/Debug-iphonesimulator/LyoApp.build/Objects-normal/x86_64/EnhancedServiceFactory.o -index-unit-output-path /LyoApp.build/Debug-iphonesimulator/LyoApp.build/Objects-normal/x86_64/CachedCourse+CoreDataClass.o -index-unit-output-path /LyoApp.build/Debug-iphonesimulator/LyoApp.build/Objects-normal/x86_64/CachedCourse+CoreDataProperties.o -index-unit-output-path /LyoApp.build/Debug-iphonesimulator/LyoApp.build/Objects-normal/x86_64/CachedLesson+CoreDataClass.o -index-unit-output-path /LyoApp.build/Debug-iphonesimulator/LyoApp.build/Objects-normal/x86_64/CachedLesson+CoreDataProperties.o -index-store-path /Users/republicalatuya/Library/Developer/Xcode/DerivedData/LyoApp-dnsbbgyjxnvjcgebxrnlezpxcabp/Index.noindex/DataStore -index-system-modules

SwiftCompile normal x86_64 /Users/republicalatuya/Desktop/LyoJune/LyoApp/Core/Services/EnhancedAuthService.swift (in target 'LyoApp' from project 'LyoApp')
    cd /Users/republicalatuya/Desktop/LyoJune
    
/Users/republicalatuya/Desktop/LyoJune/LyoApp/Core/Services/EnhancedAuthService.swift:9:13: error: invalid redeclaration of 'HTTPMethod'
public enum HTTPMethod: String, CaseIterable {
            ^
/Users/republicalatuya/Desktop/LyoJune/LyoApp/Core/Models/LearningModels.swift:256:13: note: 'HTTPMethod' previously declared here
public enum HTTPMethod: String, CaseIterable {
            ^
/Users/republicalatuya/Desktop/LyoJune/LyoApp/Core/Models/LearningModels.swift:256:13: note: 'HTTPMethod' previously declared here
public enum HTTPMethod: String, CaseIterable {
            ^
/Users/republicalatuya/Desktop/LyoJune/LyoApp/Core/Services/EnhancedAuthService.swift:19:24: error: 'HTTPMethod' is ambiguous for type lookup in this context
    public let method: HTTPMethod
                       ^~~~~~~~~~
/Users/republicalatuya/Desktop/LyoJune/LyoApp/Core/Models/LearningModels.swift:256:13: note: found this candidate
public enum HTTPMethod: String, CaseIterable {
            ^
/Users/republicalatuya/Desktop/LyoJune/LyoApp/Core/Networking/EnhancedNetworkManager.swift:9:13: note: found this candidate
public enum HTTPMethod: String, CaseIterable {
            ^
/Users/republicalatuya/Desktop/LyoJune/LyoApp/Core/Services/EnhancedAuthService.swift:9:13: note: found this candidate
public enum HTTPMethod: String, CaseIterable {
            ^
/Users/republicalatuya/Desktop/LyoJune/LyoApp/Core/Services/EnhancedAuthService.swift:27:17: error: 'HTTPMethod' is ambiguous for type lookup in this context
        method: HTTPMethod = .GET, 
                ^~~~~~~~~~
/Users/republicalatuya/Desktop/LyoJune/LyoApp/Core/Models/LearningModels.swift:256:13: note: found this candidate
public enum HTTPMethod: String, CaseIterable {
            ^
/Users/republicalatuya/Desktop/LyoJune/LyoApp/Core/Networking/EnhancedNetworkManager.swift:9:13: note: found this candidate
public enum HTTPMethod: String, CaseIterable {
            ^
/Users/republicalatuya/Desktop/LyoJune/LyoApp/Core/Services/EnhancedAuthService.swift:9:13: note: found this candidate
public enum HTTPMethod: String, CaseIterable {
            ^
/Users/republicalatuya/Desktop/LyoJune/LyoApp/Core/Services/EnhancedAuthService.swift:17:15: error: invalid redeclaration of 'APIEndpoint'
public struct APIEndpoint {
              ^
/Users/republicalatuya/Desktop/LyoJune/LyoApp/Core/Models/LearningModels.swift:265:15: note: 'APIEndpoint' previously declared here
public struct APIEndpoint {
              ^
/Users/republicalatuya/Desktop/LyoJune/LyoApp/Core/Models/LearningModels.swift:265:15: note: 'APIEndpoint' previously declared here
public struct APIEndpoint {
              ^
/Users/republicalatuya/Desktop/LyoJune/LyoApp/Core/Services/EnhancedAuthService.swift:42:15: error: invalid redeclaration of 'EmptyResponse'
public struct EmptyResponse: Codable {
              ^
/Users/republicalatuya/Desktop/LyoJune/LyoApp/Core/Models/LearningModels.swift:299:15: note: 'EmptyResponse' previously declared here
public struct EmptyResponse: Codable {
              ^
/Users/republicalatuya/Desktop/LyoJune/LyoApp/Core/Models/LearningModels.swift:299:15: note: 'EmptyResponse' previously declared here
public struct EmptyResponse: Codable {
              ^
/Users/republicalatuya/Desktop/LyoJune/LyoApp/Core/Services/EnhancedAuthService.swift:46:15: error: invalid redeclaration of 'User'
public struct User: Codable, Identifiable, Hashable {
              ^
/Users/republicalatuya/Desktop/LyoJune/LyoApp/Core/Models/LearningModels.swift:360:15: note: 'User' previously declared here
public struct User: Codable, Identifiable, Hashable {
              ^
/Users/republicalatuya/Desktop/LyoJune/LyoApp/Core/Models/LearningModels.swift:360:15: note: 'User' previously declared here
public struct User: Codable, Identifiable, Hashable {
              ^
/Users/republicalatuya/Desktop/LyoJune/LyoApp/Core/Services/EnhancedAuthService.swift:85:13: error: invalid redeclaration of 'AuthError'
public enum AuthError: Error, LocalizedError {
            ^
/Users/republicalatuya/Desktop/LyoJune/LyoApp/Core/Models/LearningModels.swift:400:13: note: 'AuthError' previously declared here
public enum AuthError: Error, LocalizedError {
            ^
/Users/republicalatuya/Desktop/LyoJune/LyoApp/Core/Models/LearningModels.swift:400:13: note: 'AuthError' previously declared here
public enum AuthError: Error, LocalizedError {
            ^
/Users/republicalatuya/Desktop/LyoJune/LyoApp/Core/Services/EnhancedAuthService.swift:154:20: error: invalid redeclaration of 'KeychainHelper'
public final class KeychainHelper {
                   ^
/Users/republicalatuya/Desktop/LyoJune/LyoApp/Core/Models/LearningModels.swift:491:20: note: 'KeychainHelper' previously declared here
public final class KeychainHelper {
                   ^
/Users/republicalatuya/Desktop/LyoJune/LyoApp/Core/Models/LearningModels.swift:491:20: note: 'KeychainHelper' previously declared here
public final class KeychainHelper {
                   ^
/Users/republicalatuya/Desktop/LyoJune/LyoApp/Core/Services/EnhancedAuthService.swift:215:16: error: invalid redeclaration of 'appVersion'
    public var appVersion: String {
               ^
/Users/republicalatuya/Desktop/LyoJune/LyoApp/Core/Models/LearningModels.swift:571:16: note: 'appVersion' previously declared here
    public var appVersion: String {
               ^
/Users/republicalatuya/Desktop/LyoJune/LyoApp/Core/Models/LearningModels.swift:571:16: note: 'appVersion' previously declared here
    public var appVersion: String {
               ^
/Users/republicalatuya/Desktop/LyoJune/LyoApp/Core/Services/EnhancedAuthService.swift:219:16: error: invalid redeclaration of 'buildNumber'
    public var buildNumber: String {
               ^
/Users/republicalatuya/Desktop/LyoJune/LyoApp/Core/Models/LearningModels.swift:575:16: note: 'buildNumber' previously declared here
    public var buildNumber: String {
               ^
/Users/republicalatuya/Desktop/LyoJune/LyoApp/Core/Models/LearningModels.swift:575:16: note: 'buildNumber' previously declared here
    public var buildNumber: String {
               ^
/Users/republicalatuya/Desktop/LyoJune/LyoApp/Core/Services/EnhancedAuthService.swift:229:33: error: 'User' is ambiguous for type lookup in this context
    @Published var currentUser: User?
                                ^~~~
/Users/republicalatuya/Desktop/LyoJune/LyoApp/Core/Models/LearningModels.swift:360:15: note: found this candidate
public struct User: Codable, Identifiable, Hashable {
              ^
/Users/republicalatuya/Desktop/LyoJune/LyoApp/Core/Services/EnhancedAuthService.swift:46:15: note: found this candidate
public struct User: Codable, Identifiable, Hashable {
              ^
/Users/republicalatuya/Desktop/LyoJune/LyoApp/Core/Services/EnhancedAuthService.swift:230:31: error: 'AuthError' is ambiguous for type lookup in this context
    @Published var authError: AuthError?
                              ^~~~~~~~~
/Users/republicalatuya/Desktop/LyoJune/LyoApp/Core/Models/LearningModels.swift:400:13: note: found this candidate
public enum AuthError: Error, LocalizedError {
            ^
/Users/republicalatuya/Desktop/LyoJune/LyoApp/Core/Services/EnhancedAuthService.swift:85:13: note: found this candidate
public enum AuthError: Error, LocalizedError {
            ^
/Users/republicalatuya/Desktop/LyoJune/LyoApp/Core/Services/EnhancedAuthService.swift:234:33: error: 'KeychainHelper' is ambiguous for type lookup in this context
    private let keychainHelper: KeychainHelper
                                ^~~~~~~~~~~~~~
/Users/republicalatuya/Desktop/LyoJune/LyoApp/Core/Models/LearningModels.swift:491:20: note: found this candidate
public final class KeychainHelper {
                   ^
/Users/republicalatuya/Desktop/LyoJune/LyoApp/Core/Networking/EnhancedNetworkManager.swift:108:20: note: found this candidate
public final class KeychainHelper {
                   ^
/Users/republicalatuya/Desktop/LyoJune/LyoApp/Core/Services/EnhancedAuthService.swift:154:20: note: found this candidate
public final class KeychainHelper {
                   ^
/Users/republicalatuya/Desktop/LyoJune/LyoApp/Core/Services/WebSocketManager.swift:8:20: note: found this candidate
public final class KeychainHelper {
                   ^
/Users/republicalatuya/Desktop/LyoJune/LyoApp/Core/Services/EnhancedAuthService.swift:248:65: error: 'User' is ambiguous for type lookup in this context
    func login(email: String, password: String) async throws -> User {
                                                                ^~~~
/Users/republicalatuya/Desktop/LyoJune/LyoApp/Core/Models/LearningModels.swift:360:15: note: found this candidate
public struct User: Codable, Identifiable, Hashable {
              ^
/Users/republicalatuya/Desktop/LyoJune/LyoApp/Core/Services/EnhancedAuthService.swift:46:15: note: found this candidate
public struct User: Codable, Identifiable, Hashable {
              ^
/Users/republicalatuya/Desktop/LyoJune/LyoApp/Core/Services/EnhancedAuthService.swift:280:82: error: 'User' is ambiguous for type lookup in this context
    func register(email: String, password: String, name: String) async throws -> User {
                                                                                 ^~~~
/Users/republicalatuya/Desktop/LyoJune/LyoApp/Core/Models/LearningModels.swift:360:15: note: found this candidate
public struct User: Codable, Identifiable, Hashable {
              ^
/Users/republicalatuya/Desktop/LyoJune/LyoApp/Core/Services/EnhancedAuthService.swift:46:15: note: found this candidate
public struct User: Codable, Identifiable, Hashable {
              ^
/Users/republicalatuya/Desktop/LyoJune/LyoApp/Core/Services/EnhancedAuthService.swift:459:53: error: 'User' is ambiguous for type lookup in this context
    private func fetchCurrentUser() async throws -> User {
                                                    ^~~~
/Users/republicalatuya/Desktop/LyoJune/LyoApp/Core/Models/LearningModels.swift:360:15: note: found this candidate
public struct User: Codable, Identifiable, Hashable {
              ^
/Users/republicalatuya/Desktop/LyoJune/LyoApp/Core/Services/EnhancedAuthService.swift:46:15: note: found this candidate
public struct User: Codable, Identifiable, Hashable {
              ^
/Users/republicalatuya/Desktop/LyoJune/LyoApp/Core/Services/EnhancedAuthService.swift:483:15: error: 'User' is ambiguous for type lookup in this context
    let user: User
              ^~~~
/Users/republicalatuya/Desktop/LyoJune/LyoApp/Core/Models/LearningModels.swift:360:15: note: found this candidate
public struct User: Codable, Identifiable, Hashable {
              ^
/Users/republicalatuya/Desktop/LyoJune/LyoApp/Core/Services/EnhancedAuthService.swift:46:15: note: found this candidate
public struct User: Codable, Identifiable, Hashable {
              ^
/Users/republicalatuya/Desktop/LyoJune/LyoApp/Core/Services/EnhancedAuthService.swift:482:8: error: type 'LoginResponse' does not conform to protocol 'Decodable'
struct LoginResponse: Codable {
       ^
Swift.Decodable.init:2:1: note: protocol requires initializer 'init(from:)' with type 'Decodable'
init(from decoder: any Decoder) throws}
^
/Users/republicalatuya/Desktop/LyoJune/LyoApp/Core/Services/EnhancedAuthService.swift:483:9: note: cannot automatically synthesize 'Decodable' because 'User' does not conform to 'Decodable'
    let user: User
        ^
/Users/republicalatuya/Desktop/LyoJune/LyoApp/Core/Services/EnhancedAuthService.swift:482:8: error: type 'LoginResponse' does not conform to protocol 'Encodable'
struct LoginResponse: Codable {
       ^
Swift.Encodable.encode:2:6: note: protocol requires function 'encode(to:)' with type 'Encodable'
func encode(to encoder: any Encoder) throws}
     ^
/Users/republicalatuya/Desktop/LyoJune/LyoApp/Core/Services/EnhancedAuthService.swift:483:9: note: cannot automatically synthesize 'Encodable' because 'User' does not conform to 'Encodable'
    let user: User
        ^
/Users/republicalatuya/Desktop/LyoJune/LyoApp/Core/Models/LearningModels.swift:275:17: error: 'HTTPMethod' is ambiguous for type lookup in this context
        method: HTTPMethod = .GET, 
                ^~~~~~~~~~
/Users/republicalatuya/Desktop/LyoJune/LyoApp/Core/Models/LearningModels.swift:256:13: note: found this candidate
public enum HTTPMethod: String, CaseIterable {
            ^
/Users/republicalatuya/Desktop/LyoJune/LyoApp/Core/Networking/EnhancedNetworkManager.swift:9:13: note: found this candidate
public enum HTTPMethod: String, CaseIterable {
            ^
/Users/republicalatuya/Desktop/LyoJune/LyoApp/Core/Services/EnhancedAuthService.swift:9:13: note: found this candidate
public enum HTTPMethod: String, CaseIterable {
            ^
/Users/republicalatuya/Desktop/LyoJune/LyoApp/Core/Networking/EnhancedNetworkManager.swift:27:17: error: 'HTTPMethod' is ambiguous for type lookup in this context
        method: HTTPMethod = .GET, 
                ^~~~~~~~~~
/Users/republicalatuya/Desktop/LyoJune/LyoApp/Core/Models/LearningModels.swift:256:13: note: found this candidate
public enum HTTPMethod: String, CaseIterable {
            ^
/Users/republicalatuya/Desktop/LyoJune/LyoApp/Core/Networking/EnhancedNetworkManager.swift:9:13: note: found this candidate
public enum HTTPMethod: String, CaseIterable {
            ^
/Users/republicalatuya/Desktop/LyoJune/LyoApp/Core/Services/EnhancedAuthService.swift:9:13: note: found this candidate
public enum HTTPMethod: String, CaseIterable {
            ^
/Users/republicalatuya/Desktop/LyoJune/LyoApp/Core/Services/EnhancedAuthService.swift:251:24: error: reference to member 'init' cannot be resolved without a contextual type
        let endpoint = APIEndpoint(path: "/auth/login", method: .POST)
                       ^
/Users/republicalatuya/Desktop/LyoJune/LyoApp/Core/Services/EnhancedAuthService.swift:251:66: error: cannot infer contextual base in reference to member 'POST'
        let endpoint = APIEndpoint(path: "/auth/login", method: .POST)
                                                                ~^~~~
/Users/republicalatuya/Desktop/LyoJune/LyoApp/Core/Networking/EnhancedNetworkManager.swift:211:42: error: 'APIEndpoint' is ambiguous for type lookup in this context
    func request<T: Decodable>(endpoint: APIEndpoint, body: Data? = nil) async throws -> T {
                                         ^~~~~~~~~~~
/Users/republicalatuya/Desktop/LyoJune/LyoApp/Core/Models/LearningModels.swift:265:15: note: found this candidate
public struct APIEndpoint {
              ^
/Users/republicalatuya/Desktop/LyoJune/LyoApp/Core/Networking/EnhancedNetworkManager.swift:17:15: note: found this candidate
public struct APIEndpoint {
              ^
/Users/republicalatuya/Desktop/LyoJune/LyoApp/Core/Services/EnhancedAuthService.swift:17:15: note: found this candidate
public struct APIEndpoint {
              ^
/Users/republicalatuya/Desktop/LyoJune/LyoApp/Core/Services/EnhancedAuthService.swift:272:35: error: cannot infer contextual base in reference to member 'loginFailed'
                self.authError = .loginFailed(error.localizedDescription)
                                 ~^~~~~~~~~~~
/Users/republicalatuya/Desktop/LyoJune/LyoApp/Core/Services/EnhancedAuthService.swift:283:24: error: reference to member 'init' cannot be resolved without a contextual type
        let endpoint = APIEndpoint(path: "/auth/register", method: .POST)
                       ^
/Users/republicalatuya/Desktop/LyoJune/LyoApp/Core/Services/EnhancedAuthService.swift:283:69: error: cannot infer contextual base in reference to member 'POST'
        let endpoint = APIEndpoint(path: "/auth/register", method: .POST)
                                                                   ~^~~~
/Users/republicalatuya/Desktop/LyoJune/LyoApp/Core/Services/EnhancedAuthService.swift:304:35: error: cannot infer contextual base in reference to member 'registrationFailed'
                self.authError = .registrationFailed(error.localizedDescription)
                                 ~^~~~~~~~~~~~~~~~~~
/Users/republicalatuya/Desktop/LyoJune/LyoApp/Core/Services/EnhancedAuthService.swift:315:24: error: reference to member 'init' cannot be resolved without a contextual type
        let endpoint = APIEndpoint(path: "/auth/logout", method: .POST)
                       ^
/Users/republicalatuya/Desktop/LyoJune/LyoApp/Core/Services/EnhancedAuthService.swift:315:67: error: cannot infer contextual base in reference to member 'POST'
        let endpoint = APIEndpoint(path: "/auth/logout", method: .POST)
                                                                 ~^~~~
/Users/republicalatuya/Desktop/LyoJune/LyoApp/Core/Services/EnhancedAuthService.swift:319:20: error: 'EmptyResponse' is ambiguous for type lookup in this context
            let _: EmptyResponse = try await networkManager.request(endpoint: endpoint)
                   ^~~~~~~~~~~~~
/Users/republicalatuya/Desktop/LyoJune/LyoApp/Core/Models/LearningModels.swift:299:15: note: found this candidate
public struct EmptyResponse: Codable {
              ^
/Users/republicalatuya/Desktop/LyoJune/LyoApp/Core/Networking/EnhancedNetworkManager.swift:49:15: note: found this candidate
public struct EmptyResponse: Codable {
              ^
/Users/republicalatuya/Desktop/LyoJune/LyoApp/Core/Services/EnhancedAuthService.swift:42:15: note: found this candidate
public struct EmptyResponse: Codable {
              ^
/Users/republicalatuya/Desktop/LyoJune/LyoApp/Core/Services/EnhancedAuthService.swift:342:24: error: reference to member 'init' cannot be resolved without a contextual type
        let endpoint = APIEndpoint(path: "/auth/refresh", method: .POST)
                       ^
/Users/republicalatuya/Desktop/LyoJune/LyoApp/Core/Services/EnhancedAuthService.swift:342:68: error: cannot infer contextual base in reference to member 'POST'
        let endpoint = APIEndpoint(path: "/auth/refresh", method: .POST)
                                                                  ~^~~~
/Users/republicalatuya/Desktop/LyoJune/LyoApp/Core/Services/EnhancedAuthService.swift:358:35: error: cannot infer contextual base in reference to member 'tokenRefreshFailed'
                self.authError = .tokenRefreshFailed
                                 ~^~~~~~~~~~~~~~~~~~
/Users/republicalatuya/Desktop/LyoJune/LyoApp/Core/Services/EnhancedAuthService.swift:455:24: error: reference to member 'init' cannot be resolved without a contextual type
        let endpoint = APIEndpoint(path: "/auth/validate", method: .POST)
                       ^
/Users/republicalatuya/Desktop/LyoJune/LyoApp/Core/Services/EnhancedAuthService.swift:455:69: error: cannot infer contextual base in reference to member 'POST'
        let endpoint = APIEndpoint(path: "/auth/validate", method: .POST)
                                                                   ~^~~~
/Users/republicalatuya/Desktop/LyoJune/LyoApp/Core/Services/EnhancedAuthService.swift:456:16: error: 'EmptyResponse' is ambiguous for type lookup in this context
        let _: EmptyResponse = try await networkManager.request(endpoint: endpoint)
               ^~~~~~~~~~~~~
/Users/republicalatuya/Desktop/LyoJune/LyoApp/Core/Models/LearningModels.swift:299:15: note: found this candidate
public struct EmptyResponse: Codable {
              ^
/Users/republicalatuya/Desktop/LyoJune/LyoApp/Core/Networking/EnhancedNetworkManager.swift:49:15: note: found this candidate
public struct EmptyResponse: Codable {
              ^
/Users/republicalatuya/Desktop/LyoJune/LyoApp/Core/Services/EnhancedAuthService.swift:42:15: note: found this candidate
public struct EmptyResponse: Codable {
              ^
/Users/republicalatuya/Desktop/LyoJune/LyoApp/Core/Services/EnhancedAuthService.swift:460:24: error: reference to member 'init' cannot be resolved without a contextual type
        let endpoint = APIEndpoint(path: "/auth/me", method: .GET)
                       ^
/Users/republicalatuya/Desktop/LyoJune/LyoApp/Core/Services/EnhancedAuthService.swift:460:63: error: cannot infer contextual base in reference to member 'GET'
        let endpoint = APIEndpoint(path: "/auth/me", method: .GET)
                                                             ~^~~
/Users/republicalatuya/Desktop/LyoJune/LyoApp/Core/Services/EnhancedAuthService.swift:498:30: error: cannot infer contextual base in reference to member 'invalidCredentials'
                authError = .invalidCredentials // Default to this since we can't create custom message errors
                            ~^~~~~~~~~~~~~~~~~~

SwiftCompile normal x86_64 /Users/republicalatuya/Desktop/LyoJune/LyoApp/Core/Services/WebSocketManager.swift (in target 'LyoApp' from project 'LyoApp')
    cd /Users/republicalatuya/Desktop/LyoJune
    
/Users/republicalatuya/Desktop/LyoJune/LyoApp/Core/Services/WebSocketManager.swift:8:20: error: invalid redeclaration of 'KeychainHelper'
public final class KeychainHelper {
                   ^
/Users/republicalatuya/Desktop/LyoJune/LyoApp/Core/Models/LearningModels.swift:491:20: note: 'KeychainHelper' previously declared here
public final class KeychainHelper {
                   ^
/Users/republicalatuya/Desktop/LyoJune/LyoApp/Core/Models/LearningModels.swift:491:20: note: 'KeychainHelper' previously declared here
public final class KeychainHelper {
                   ^
/Users/republicalatuya/Desktop/LyoJune/LyoApp/Core/Services/WebSocketManager.swift:98:39: error: ambiguous use of 'shared'
        if let token = KeychainHelper.shared.retrieve(for: "access_token") {
                                      ^
/Users/republicalatuya/Desktop/LyoJune/LyoApp/Core/Models/LearningModels.swift:492:23: note: found this candidate 
    public static let shared = KeychainHelper()
                      ^
/Users/republicalatuya/Desktop/LyoJune/LyoApp/Core/Networking/EnhancedNetworkManager.swift:109:23: note: found this candidate 
    public static let shared = KeychainHelper()
                      ^

SwiftCompile normal x86_64 /Users/republicalatuya/Desktop/LyoJune/LyoApp/Core/Services/EnhancedServiceFactory.swift (in target 'LyoApp' from project 'LyoApp')
    cd /Users/republicalatuya/Desktop/LyoJune
    
/Users/republicalatuya/Desktop/LyoJune/LyoApp/Core/Services/EnhancedServiceFactory.swift:117:54: warning: main actor-isolated static property 'shared' can not be referenced from a nonisolated context; this is an error in the Swift 6 language mode
    static let defaultValue = EnhancedServiceFactory.shared
                                                     ^
/Users/republicalatuya/Desktop/LyoJune/LyoApp/Core/Services/EnhancedServiceFactory.swift:7:16: note: static property declared here
    static let shared = EnhancedServiceFactory()
               ^
/Users/republicalatuya/Desktop/LyoJune/LyoApp/Core/Services/EnhancedServiceFactory.swift:108:9: warning: no 'async' operations occur within 'await' expression
        await shutdown()
        ^
/Users/republicalatuya/Desktop/LyoJune/LyoApp/Core/Services/EnhancedServiceFactory.swift:109:15: error: call can throw, but it is not marked with 'try' and the error is not handled
        await Task.sleep(nanoseconds: 100_000_000) // 0.1 seconds
              ^

SwiftCompile normal x86_64 /Users/republicalatuya/Library/Developer/Xcode/DerivedData/LyoApp-dnsbbgyjxnvjcgebxrnlezpxcabp/Build/Intermediates.noindex/LyoApp.build/Debug-iphonesimulator/LyoApp.build/DerivedSources/CoreDataGenerated/LyoDataModel/CachedCourse+CoreDataClass.swift (in target 'LyoApp' from project 'LyoApp')
    cd /Users/republicalatuya/Desktop/LyoJune
    

SwiftCompile normal x86_64 /Users/republicalatuya/Library/Developer/Xcode/DerivedData/LyoApp-dnsbbgyjxnvjcgebxrnlezpxcabp/Build/Intermediates.noindex/LyoApp.build/Debug-iphonesimulator/LyoApp.build/DerivedSources/CoreDataGenerated/LyoDataModel/CachedCourse+CoreDataProperties.swift (in target 'LyoApp' from project 'LyoApp')
    cd /Users/republicalatuya/Desktop/LyoJune
    

SwiftCompile normal x86_64 /Users/republicalatuya/Library/Developer/Xcode/DerivedData/LyoApp-dnsbbgyjxnvjcgebxrnlezpxcabp/Build/Intermediates.noindex/LyoApp.build/Debug-iphonesimulator/LyoApp.build/DerivedSources/CoreDataGenerated/LyoDataModel/CachedLesson+CoreDataClass.swift (in target 'LyoApp' from project 'LyoApp')
    cd /Users/republicalatuya/Desktop/LyoJune
    

SwiftCompile normal x86_64 /Users/republicalatuya/Library/Developer/Xcode/DerivedData/LyoApp-dnsbbgyjxnvjcgebxrnlezpxcabp/Build/Intermediates.noindex/LyoApp.build/Debug-iphonesimulator/LyoApp.build/DerivedSources/CoreDataGenerated/LyoDataModel/CachedLesson+CoreDataProperties.swift (in target 'LyoApp' from project 'LyoApp')
    cd /Users/republicalatuya/Desktop/LyoJune
    

SwiftCompile normal x86_64 Compiling\ AnimationSystem.swift,\ HapticManager.swift,\ ModernComponents.swift,\ ModernViews.swift,\ EnhancedViews.swift,\ ModernLearnView.swift,\ EnhancedNetworkManager.swift /Users/republicalatuya/Desktop/LyoJune/LyoApp/DesignSystem/AnimationSystem.swift /Users/republicalatuya/Desktop/LyoJune/LyoApp/DesignSystem/HapticManager.swift /Users/republicalatuya/Desktop/LyoJune/LyoApp/DesignSystem/ModernComponents.swift /Users/republicalatuya/Desktop/LyoJune/LyoApp/DesignSystem/ModernViews.swift /Users/republicalatuya/Desktop/LyoJune/LyoApp/DesignSystem/EnhancedViews.swift /Users/republicalatuya/Desktop/LyoJune/LyoApp/DesignSystem/ModernLearnView.swift /Users/republicalatuya/Desktop/LyoJune/LyoApp/Core/Networking/EnhancedNetworkManager.swift (in target 'LyoApp' from project 'LyoApp')
Command SwiftCompile failed with a nonzero exit code

** BUILD FAILED **


The following build commands failed:
	SwiftCompile normal x86_64 Compiling\ EnhancedAuthService.swift,\ WebSocketManager.swift,\ EnhancedServiceFactory.swift,\ CachedCourse+CoreDataClass.swift,\ CachedCourse+CoreDataProperties.swift,\ CachedLesson+CoreDataClass.swift,\ CachedLesson+CoreDataProperties.swift /Users/republicalatuya/Desktop/LyoJune/LyoApp/Core/Services/EnhancedAuthService.swift /Users/republicalatuya/Desktop/LyoJune/LyoApp/Core/Services/WebSocketManager.swift /Users/republicalatuya/Desktop/LyoJune/LyoApp/Core/Services/EnhancedServiceFactory.swift /Users/republicalatuya/Library/Developer/Xcode/DerivedData/LyoApp-dnsbbgyjxnvjcgebxrnlezpxcabp/Build/Intermediates.noindex/LyoApp.build/Debug-iphonesimulator/LyoApp.build/DerivedSources/CoreDataGenerated/LyoDataModel/CachedCourse+CoreDataClass.swift /Users/republicalatuya/Library/Developer/Xcode/DerivedData/LyoApp-dnsbbgyjxnvjcgebxrnlezpxcabp/Build/Intermediates.noindex/LyoApp.build/Debug-iphonesimulator/LyoApp.build/DerivedSources/CoreDataGenerated/LyoDataModel/CachedCourse+CoreDataProperties.swift /Users/republicalatuya/Library/Developer/Xcode/DerivedData/LyoApp-dnsbbgyjxnvjcgebxrnlezpxcabp/Build/Intermediates.noindex/LyoApp.build/Debug-iphonesimulator/LyoApp.build/DerivedSources/CoreDataGenerated/LyoDataModel/CachedLesson+CoreDataClass.swift /Users/republicalatuya/Library/Developer/Xcode/DerivedData/LyoApp-dnsbbgyjxnvjcgebxrnlezpxcabp/Build/Intermediates.noindex/LyoApp.build/Debug-iphonesimulator/LyoApp.build/DerivedSources/CoreDataGenerated/LyoDataModel/CachedLesson+CoreDataProperties.swift (in target 'LyoApp' from project 'LyoApp')
	SwiftCompile normal x86_64 /Users/republicalatuya/Desktop/LyoJune/LyoApp/Core/Services/EnhancedAuthService.swift (in target 'LyoApp' from project 'LyoApp')
	SwiftCompile normal x86_64 /Users/republicalatuya/Desktop/LyoJune/LyoApp/Core/Services/WebSocketManager.swift (in target 'LyoApp' from project 'LyoApp')
	SwiftCompile normal x86_64 /Users/republicalatuya/Desktop/LyoJune/LyoApp/Core/Services/EnhancedServiceFactory.swift (in target 'LyoApp' from project 'LyoApp')
	SwiftCompile normal x86_64 Compiling\ AnimationSystem.swift,\ HapticManager.swift,\ ModernComponents.swift,\ ModernViews.swift,\ EnhancedViews.swift,\ ModernLearnView.swift,\ EnhancedNetworkManager.swift /Users/republicalatuya/Desktop/LyoJune/LyoApp/DesignSystem/AnimationSystem.swift /Users/republicalatuya/Desktop/LyoJune/LyoApp/DesignSystem/HapticManager.swift /Users/republicalatuya/Desktop/LyoJune/LyoApp/DesignSystem/ModernComponents.swift /Users/republicalatuya/Desktop/LyoJune/LyoApp/DesignSystem/ModernViews.swift /Users/republicalatuya/Desktop/LyoJune/LyoApp/DesignSystem/EnhancedViews.swift /Users/republicalatuya/Desktop/LyoJune/LyoApp/DesignSystem/ModernLearnView.swift /Users/republicalatuya/Desktop/LyoJune/LyoApp/Core/Networking/EnhancedNetworkManager.swift (in target 'LyoApp' from project 'LyoApp')
	Building project LyoApp with scheme LyoApp
(6 failures)
